#!/bin/sh
./myfs_format 128
cat project4_test7.sh | ./myfs_create test.sh
./myfs_more test.sh
./myfs_move test.sh test1.sh
./myfs_list

echo INSPECT
./myfs_inspect -volume
./myfs_inspect -index 0
./myfs_inspect -dir 2
./myfs_inspect -index 1
./myfs_inspect -data 3
./myfs_inspect -data 4

echo LINK
./myfs_link test1.sh test1a.sh
./myfs_list

echo INSPECT
./myfs_inspect -volume
./myfs_inspect -index 0
./myfs_inspect -dir 2
./myfs_inspect -index 1
./myfs_inspect -data 3
./myfs_inspect -data 4

echo CREATE DIR
./myfs_mkd tests
./myfs_move test1a.sh tests

echo INSPECT
./myfs_inspect -volume
./myfs_inspect -index 0
./myfs_inspect -dir 2
./myfs_inspect -index 1
./myfs_inspect -data 3
./myfs_inspect -data 4
./myfs_inspect -index 2
./myfs_inspect -dir 9

echo AGUMENT
echo "# one more line" | ./myfs_append test1.sh
./myfs_more tests/test1a.sh

echo INSPECT
./myfs_inspect -volume
./myfs_inspect -index 0
./myfs_inspect -dir 2
./myfs_inspect -index 1
./myfs_inspect -data 3
./myfs_inspect -data 4
./myfs_inspect -index 2
./myfs_inspect -dir 9

echo RM
./myfs_rm test1.sh

echo INSPECT
./myfs_inspect -volume
./myfs_inspect -index 0
./myfs_inspect -dir 2
./myfs_inspect -index 1
./myfs_inspect -data 3
./myfs_inspect -data 4
./myfs_inspect -index 2
./myfs_inspect -dir 9

echo RM
./myfs_rm tests/test1a.sh

echo INSPECT
./myfs_inspect -volume
./myfs_inspect -index 0
./myfs_inspect -dir 2
./myfs_inspect -index 1
./myfs_inspect -index 2
./myfs_inspect -dir 9
../
./
test1.sh
INSPECT
N_BLOCKS: 128
N_ALLOCATED_BLOCKS: 9
N_ALLOCATED_INDEX_NODES: 2
Block allocation table:
00: ff
01: 01
02: 00
03: 00
04: 00
05: 00
06: 00
07: 00
08: 00
09: 00
10: 00
11: 00
12: 00
13: 00
14: 00
15: 00
Index node: 0
Type: DIRECTORY
Nreferences: 1
Content block: 2
Size: 3
Directory at block 2:
Entry 0: name=".", index_node=0
Entry 1: name="..", index_node=0
Entry 2: name="test1.sh", index_node=1
Next block: 65534
Index node: 1
Type: FILE
Nreferences: 1
Content block: 3
Size: 1460
Raw data at block 3:
  0: 23 #
  1: 21 !
  2: 2f /
  3: 62 b
  4: 69 i
  5: 6e n
  6: 2f /
  7: 73 s
  8: 68 h
  9: 0a
 10: 2e .
 11: 2f /
 12: 6d m
 13: 79 y
 14: 66 f
 15: 73 s
 16: 5f _
 17: 66 f
 18: 6f o
 19: 72 r
 20: 6d m
 21: 61 a
 22: 74 t
 23: 20  
 24: 31 1
 25: 32 2
 26: 38 8
 27: 0a
 28: 63 c
 29: 61 a
 30: 74 t
 31: 20  
 32: 70 p
 33: 72 r
 34: 6f o
 35: 6a j
 36: 65 e
 37: 63 c
 38: 74 t
 39: 34 4
 40: 5f _
 41: 74 t
 42: 65 e
 43: 73 s
 44: 74 t
 45: 37 7
 46: 2e .
 47: 73 s
 48: 68 h
 49: 20  
 50: 7c |
 51: 20  
 52: 2e .
 53: 2f /
 54: 6d m
 55: 79 y
 56: 66 f
 57: 73 s
 58: 5f _
 59: 63 c
 60: 72 r
 61: 65 e
 62: 61 a
 63: 74 t
 64: 65 e
 65: 20  
 66: 74 t
 67: 65 e
 68: 73 s
 69: 74 t
 70: 2e .
 71: 73 s
 72: 68 h
 73: 0a
 74: 2e .
 75: 2f /
 76: 6d m
 77: 79 y
 78: 66 f
 79: 73 s
 80: 5f _
 81: 6d m
 82: 6f o
 83: 72 r
 84: 65 e
 85: 20  
 86: 74 t
 87: 65 e
 88: 73 s
 89: 74 t
 90: 2e .
 91: 73 s
 92: 68 h
 93: 0a
 94: 2e .
 95: 2f /
 96: 6d m
 97: 79 y
 98: 66 f
 99: 73 s
100: 5f _
101: 6d m
102: 6f o
103: 76 v
104: 65 e
105: 20  
106: 74 t
107: 65 e
108: 73 s
109: 74 t
110: 2e .
111: 73 s
112: 68 h
113: 20  
114: 74 t
115: 65 e
116: 73 s
117: 74 t
118: 31 1
119: 2e .
120: 73 s
121: 68 h
122: 0a
123: 2e .
124: 2f /
125: 6d m
126: 79 y
127: 66 f
128: 73 s
129: 5f _
130: 6c l
131: 69 i
132: 73 s
133: 74 t
134: 0a
135: 0a
136: 65 e
137: 63 c
138: 68 h
139: 6f o
140: 20  
141: 49 I
142: 4e N
143: 53 S
144: 50 P
145: 45 E
146: 43 C
147: 54 T
148: 0a
149: 2e .
150: 2f /
151: 6d m
152: 79 y
153: 66 f
154: 73 s
155: 5f _
156: 69 i
157: 6e n
158: 73 s
159: 70 p
160: 65 e
161: 63 c
162: 74 t
163: 20  
164: 2d -
165: 76 v
166: 6f o
167: 6c l
168: 75 u
169: 6d m
170: 65 e
171: 0a
172: 2e .
173: 2f /
174: 6d m
175: 79 y
176: 66 f
177: 73 s
178: 5f _
179: 69 i
180: 6e n
181: 73 s
182: 70 p
183: 65 e
184: 63 c
185: 74 t
186: 20  
187: 2d -
188: 69 i
189: 6e n
190: 64 d
191: 65 e
192: 78 x
193: 20  
194: 30 0
195: 0a
196: 2e .
197: 2f /
198: 6d m
199: 79 y
200: 66 f
201: 73 s
202: 5f _
203: 69 i
204: 6e n
205: 73 s
206: 70 p
207: 65 e
208: 63 c
209: 74 t
210: 20  
211: 2d -
212: 64 d
213: 69 i
214: 72 r
215: 20  
216: 32 2
217: 0a
218: 2e .
219: 2f /
220: 6d m
221: 79 y
222: 66 f
223: 73 s
224: 5f _
225: 69 i
226: 6e n
227: 73 s
228: 70 p
229: 65 e
230: 63 c
231: 74 t
232: 20  
233: 2d -
234: 69 i
235: 6e n
236: 64 d
237: 65 e
238: 78 x
239: 20  
240: 31 1
241: 0a
242: 2e .
243: 2f /
244: 6d m
245: 79 y
246: 66 f
247: 73 s
248: 5f _
249: 69 i
250: 6e n
251: 73 s
Next block: 4
Raw data at block 4:
  0: 70 p
  1: 65 e
  2: 63 c
  3: 74 t
  4: 20  
  5: 2d -
  6: 64 d
  7: 61 a
  8: 74 t
  9: 61 a
 10: 20  
 11: 33 3
 12: 0a
 13: 2e .
 14: 2f /
 15: 6d m
 16: 79 y
 17: 66 f
 18: 73 s
 19: 5f _
 20: 69 i
 21: 6e n
 22: 73 s
 23: 70 p
 24: 65 e
 25: 63 c
 26: 74 t
 27: 20  
 28: 2d -
 29: 64 d
 30: 61 a
 31: 74 t
 32: 61 a
 33: 20  
 34: 34 4
 35: 0a
 36: 0a
 37: 65 e
 38: 63 c
 39: 68 h
 40: 6f o
 41: 20  
 42: 4c L
 43: 49 I
 44: 4e N
 45: 4b K
 46: 0a
 47: 2e .
 48: 2f /
 49: 6d m
 50: 79 y
 51: 66 f
 52: 73 s
 53: 5f _
 54: 6c l
 55: 69 i
 56: 6e n
 57: 6b k
 58: 20  
 59: 74 t
 60: 65 e
 61: 73 s
 62: 74 t
 63: 31 1
 64: 2e .
 65: 73 s
 66: 68 h
 67: 20  
 68: 74 t
 69: 65 e
 70: 73 s
 71: 74 t
 72: 31 1
 73: 61 a
 74: 2e .
 75: 73 s
 76: 68 h
 77: 0a
 78: 2e .
 79: 2f /
 80: 6d m
 81: 79 y
 82: 66 f
 83: 73 s
 84: 5f _
 85: 6c l
 86: 69 i
 87: 73 s
 88: 74 t
 89: 0a
 90: 0a
 91: 65 e
 92: 63 c
 93: 68 h
 94: 6f o
 95: 20  
 96: 49 I
 97: 4e N
 98: 53 S
 99: 50 P
100: 45 E
101: 43 C
102: 54 T
103: 0a
104: 2e .
105: 2f /
106: 6d m
107: 79 y
108: 66 f
109: 73 s
110: 5f _
111: 69 i
112: 6e n
113: 73 s
114: 70 p
115: 65 e
116: 63 c
117: 74 t
118: 20  
119: 2d -
120: 76 v
121: 6f o
122: 6c l
123: 75 u
124: 6d m
125: 65 e
126: 0a
127: 2e .
128: 2f /
129: 6d m
130: 79 y
131: 66 f
132: 73 s
133: 5f _
134: 69 i
135: 6e n
136: 73 s
137: 70 p
138: 65 e
139: 63 c
140: 74 t
141: 20  
142: 2d -
143: 69 i
144: 6e n
145: 64 d
146: 65 e
147: 78 x
148: 20  
149: 30 0
150: 0a
151: 2e .
152: 2f /
153: 6d m
154: 79 y
155: 66 f
156: 73 s
157: 5f _
158: 69 i
159: 6e n
160: 73 s
161: 70 p
162: 65 e
163: 63 c
164: 74 t
165: 20  
166: 2d -
167: 64 d
168: 69 i
169: 72 r
170: 20  
171: 32 2
172: 0a
173: 2e .
174: 2f /
175: 6d m
176: 79 y
177: 66 f
178: 73 s
179: 5f _
180: 69 i
181: 6e n
182: 73 s
183: 70 p
184: 65 e
185: 63 c
186: 74 t
187: 20  
188: 2d -
189: 69 i
190: 6e n
191: 64 d
192: 65 e
193: 78 x
194: 20  
195: 31 1
196: 0a
197: 2e .
198: 2f /
199: 6d m
200: 79 y
201: 66 f
202: 73 s
203: 5f _
204: 69 i
205: 6e n
206: 73 s
207: 70 p
208: 65 e
209: 63 c
210: 74 t
211: 20  
212: 2d -
213: 64 d
214: 61 a
215: 74 t
216: 61 a
217: 20  
218: 33 3
219: 0a
220: 2e .
221: 2f /
222: 6d m
223: 79 y
224: 66 f
225: 73 s
226: 5f _
227: 69 i
228: 6e n
229: 73 s
230: 70 p
231: 65 e
232: 63 c
233: 74 t
234: 20  
235: 2d -
236: 64 d
237: 61 a
238: 74 t
239: 61 a
240: 20  
241: 34 4
242: 0a
243: 0a
244: 65 e
245: 63 c
246: 68 h
247: 6f o
248: 20  
249: 43 C
250: 52 R
251: 45 E
Next block: 5
LINK
../
./
test1.sh
test1a.sh
INSPECT
N_BLOCKS: 128
N_ALLOCATED_BLOCKS: 9
N_ALLOCATED_INDEX_NODES: 2
Block allocation table:
00: ff
01: 01
02: 00
03: 00
04: 00
05: 00
06: 00
07: 00
08: 00
09: 00
10: 00
11: 00
12: 00
13: 00
14: 00
15: 00
Index node: 0
Type: DIRECTORY
Nreferences: 1
Content block: 2
Size: 4
Directory at block 2:
Entry 0: name=".", index_node=0
Entry 1: name="..", index_node=0
Entry 2: name="test1.sh", index_node=1
Entry 3: name="test1a.sh", index_node=1
Next block: 65534
Index node: 1
Type: FILE
Nreferences: 2
Content block: 3
Size: 1460
Raw data at block 3:
  0: 23 #
  1: 21 !
  2: 2f /
  3: 62 b
  4: 69 i
  5: 6e n
  6: 2f /
  7: 73 s
  8: 68 h
  9: 0a
 10: 2e .
 11: 2f /
 12: 6d m
 13: 79 y
 14: 66 f
 15: 73 s
 16: 5f _
 17: 66 f
 18: 6f o
 19: 72 r
 20: 6d m
 21: 61 a
 22: 74 t
 23: 20  
 24: 31 1
 25: 32 2
 26: 38 8
 27: 0a
 28: 63 c
 29: 61 a
 30: 74 t
 31: 20  
 32: 70 p
 33: 72 r
 34: 6f o
 35: 6a j
 36: 65 e
 37: 63 c
 38: 74 t
 39: 34 4
 40: 5f _
 41: 74 t
 42: 65 e
 43: 73 s
 44: 74 t
 45: 37 7
 46: 2e .
 47: 73 s
 48: 68 h
 49: 20  
 50: 7c |
 51: 20  
 52: 2e .
 53: 2f /
 54: 6d m
 55: 79 y
 56: 66 f
 57: 73 s
 58: 5f _
 59: 63 c
 60: 72 r
 61: 65 e
 62: 61 a
 63: 74 t
 64: 65 e
 65: 20  
 66: 74 t
 67: 65 e
 68: 73 s
 69: 74 t
 70: 2e .
 71: 73 s
 72: 68 h
 73: 0a
 74: 2e .
 75: 2f /
 76: 6d m
 77: 79 y
 78: 66 f
 79: 73 s
 80: 5f _
 81: 6d m
 82: 6f o
 83: 72 r
 84: 65 e
 85: 20  
 86: 74 t
 87: 65 e
 88: 73 s
 89: 74 t
 90: 2e .
 91: 73 s
 92: 68 h
 93: 0a
 94: 2e .
 95: 2f /
 96: 6d m
 97: 79 y
 98: 66 f
 99: 73 s
100: 5f _
101: 6d m
102: 6f o
103: 76 v
104: 65 e
105: 20  
106: 74 t
107: 65 e
108: 73 s
109: 74 t
110: 2e .
111: 73 s
112: 68 h
113: 20  
114: 74 t
115: 65 e
116: 73 s
117: 74 t
118: 31 1
119: 2e .
120: 73 s
121: 68 h
122: 0a
123: 2e .
124: 2f /
125: 6d m
126: 79 y
127: 66 f
128: 73 s
129: 5f _
130: 6c l
131: 69 i
132: 73 s
133: 74 t
134: 0a
135: 0a
136: 65 e
137: 63 c
138: 68 h
139: 6f o
140: 20  
141: 49 I
142: 4e N
143: 53 S
144: 50 P
145: 45 E
146: 43 C
147: 54 T
148: 0a
149: 2e .
150: 2f /
151: 6d m
152: 79 y
153: 66 f
154: 73 s
155: 5f _
156: 69 i
157: 6e n
158: 73 s
159: 70 p
160: 65 e
161: 63 c
162: 74 t
163: 20  
164: 2d -
165: 76 v
166: 6f o
167: 6c l
168: 75 u
169: 6d m
170: 65 e
171: 0a
172: 2e .
173: 2f /
174: 6d m
175: 79 y
176: 66 f
177: 73 s
178: 5f _
179: 69 i
180: 6e n
181: 73 s
182: 70 p
183: 65 e
184: 63 c
185: 74 t
186: 20  
187: 2d -
188: 69 i
189: 6e n
190: 64 d
191: 65 e
192: 78 x
193: 20  
194: 30 0
195: 0a
196: 2e .
197: 2f /
198: 6d m
199: 79 y
200: 66 f
201: 73 s
202: 5f _
203: 69 i
204: 6e n
205: 73 s
206: 70 p
207: 65 e
208: 63 c
209: 74 t
210: 20  
211: 2d -
212: 64 d
213: 69 i
214: 72 r
215: 20  
216: 32 2
217: 0a
218: 2e .
219: 2f /
220: 6d m
221: 79 y
222: 66 f
223: 73 s
224: 5f _
225: 69 i
226: 6e n
227: 73 s
228: 70 p
229: 65 e
230: 63 c
231: 74 t
232: 20  
233: 2d -
234: 69 i
235: 6e n
236: 64 d
237: 65 e
238: 78 x
239: 20  
240: 31 1
241: 0a
242: 2e .
243: 2f /
244: 6d m
245: 79 y
246: 66 f
247: 73 s
248: 5f _
249: 69 i
250: 6e n
251: 73 s
Next block: 4
Raw data at block 4:
  0: 70 p
  1: 65 e
  2: 63 c
  3: 74 t
  4: 20  
  5: 2d -
  6: 64 d
  7: 61 a
  8: 74 t
  9: 61 a
 10: 20  
 11: 33 3
 12: 0a
 13: 2e .
 14: 2f /
 15: 6d m
 16: 79 y
 17: 66 f
 18: 73 s
 19: 5f _
 20: 69 i
 21: 6e n
 22: 73 s
 23: 70 p
 24: 65 e
 25: 63 c
 26: 74 t
 27: 20  
 28: 2d -
 29: 64 d
 30: 61 a
 31: 74 t
 32: 61 a
 33: 20  
 34: 34 4
 35: 0a
 36: 0a
 37: 65 e
 38: 63 c
 39: 68 h
 40: 6f o
 41: 20  
 42: 4c L
 43: 49 I
 44: 4e N
 45: 4b K
 46: 0a
 47: 2e .
 48: 2f /
 49: 6d m
 50: 79 y
 51: 66 f
 52: 73 s
 53: 5f _
 54: 6c l
 55: 69 i
 56: 6e n
 57: 6b k
 58: 20  
 59: 74 t
 60: 65 e
 61: 73 s
 62: 74 t
 63: 31 1
 64: 2e .
 65: 73 s
 66: 68 h
 67: 20  
 68: 74 t
 69: 65 e
 70: 73 s
 71: 74 t
 72: 31 1
 73: 61 a
 74: 2e .
 75: 73 s
 76: 68 h
 77: 0a
 78: 2e .
 79: 2f /
 80: 6d m
 81: 79 y
 82: 66 f
 83: 73 s
 84: 5f _
 85: 6c l
 86: 69 i
 87: 73 s
 88: 74 t
 89: 0a
 90: 0a
 91: 65 e
 92: 63 c
 93: 68 h
 94: 6f o
 95: 20  
 96: 49 I
 97: 4e N
 98: 53 S
 99: 50 P
100: 45 E
101: 43 C
102: 54 T
103: 0a
104: 2e .
105: 2f /
106: 6d m
107: 79 y
108: 66 f
109: 73 s
110: 5f _
111: 69 i
112: 6e n
113: 73 s
114: 70 p
115: 65 e
116: 63 c
117: 74 t
118: 20  
119: 2d -
120: 76 v
121: 6f o
122: 6c l
123: 75 u
124: 6d m
125: 65 e
126: 0a
127: 2e .
128: 2f /
129: 6d m
130: 79 y
131: 66 f
132: 73 s
133: 5f _
134: 69 i
135: 6e n
136: 73 s
137: 70 p
138: 65 e
139: 63 c
140: 74 t
141: 20  
142: 2d -
143: 69 i
144: 6e n
145: 64 d
146: 65 e
147: 78 x
148: 20  
149: 30 0
150: 0a
151: 2e .
152: 2f /
153: 6d m
154: 79 y
155: 66 f
156: 73 s
157: 5f _
158: 69 i
159: 6e n
160: 73 s
161: 70 p
162: 65 e
163: 63 c
164: 74 t
165: 20  
166: 2d -
167: 64 d
168: 69 i
169: 72 r
170: 20  
171: 32 2
172: 0a
173: 2e .
174: 2f /
175: 6d m
176: 79 y
177: 66 f
178: 73 s
179: 5f _
180: 69 i
181: 6e n
182: 73 s
183: 70 p
184: 65 e
185: 63 c
186: 74 t
187: 20  
188: 2d -
189: 69 i
190: 6e n
191: 64 d
192: 65 e
193: 78 x
194: 20  
195: 31 1
196: 0a
197: 2e .
198: 2f /
199: 6d m
200: 79 y
201: 66 f
202: 73 s
203: 5f _
204: 69 i
205: 6e n
206: 73 s
207: 70 p
208: 65 e
209: 63 c
210: 74 t
211: 20  
212: 2d -
213: 64 d
214: 61 a
215: 74 t
216: 61 a
217: 20  
218: 33 3
219: 0a
220: 2e .
221: 2f /
222: 6d m
223: 79 y
224: 66 f
225: 73 s
226: 5f _
227: 69 i
228: 6e n
229: 73 s
230: 70 p
231: 65 e
232: 63 c
233: 74 t
234: 20  
235: 2d -
236: 64 d
237: 61 a
238: 74 t
239: 61 a
240: 20  
241: 34 4
242: 0a
243: 0a
244: 65 e
245: 63 c
246: 68 h
247: 6f o
248: 20  
249: 43 C
250: 52 R
251: 45 E
Next block: 5
CREATE DIR
INSPECT
N_BLOCKS: 128
N_ALLOCATED_BLOCKS: 10
N_ALLOCATED_INDEX_NODES: 3
Block allocation table:
00: ff
01: 03
02: 00
03: 00
04: 00
05: 00
06: 00
07: 00
08: 00
09: 00
10: 00
11: 00
12: 00
13: 00
14: 00
15: 00
Index node: 0
Type: DIRECTORY
Nreferences: 1
Content block: 2
Size: 4
Directory at block 2:
Entry 0: name=".", index_node=0
Entry 1: name="..", index_node=0
Entry 2: name="test1.sh", index_node=1
Entry 4: name="tests", index_node=2
Next block: 65534
Index node: 1
Type: FILE
Nreferences: 2
Content block: 3
Size: 1460
Raw data at block 3:
  0: 23 #
  1: 21 !
  2: 2f /
  3: 62 b
  4: 69 i
  5: 6e n
  6: 2f /
  7: 73 s
  8: 68 h
  9: 0a
 10: 2e .
 11: 2f /
 12: 6d m
 13: 79 y
 14: 66 f
 15: 73 s
 16: 5f _
 17: 66 f
 18: 6f o
 19: 72 r
 20: 6d m
 21: 61 a
 22: 74 t
 23: 20  
 24: 31 1
 25: 32 2
 26: 38 8
 27: 0a
 28: 63 c
 29: 61 a
 30: 74 t
 31: 20  
 32: 70 p
 33: 72 r
 34: 6f o
 35: 6a j
 36: 65 e
 37: 63 c
 38: 74 t
 39: 34 4
 40: 5f _
 41: 74 t
 42: 65 e
 43: 73 s
 44: 74 t
 45: 37 7
 46: 2e .
 47: 73 s
 48: 68 h
 49: 20  
 50: 7c |
 51: 20  
 52: 2e .
 53: 2f /
 54: 6d m
 55: 79 y
 56: 66 f
 57: 73 s
 58: 5f _
 59: 63 c
 60: 72 r
 61: 65 e
 62: 61 a
 63: 74 t
 64: 65 e
 65: 20  
 66: 74 t
 67: 65 e
 68: 73 s
 69: 74 t
 70: 2e .
 71: 73 s
 72: 68 h
 73: 0a
 74: 2e .
 75: 2f /
 76: 6d m
 77: 79 y
 78: 66 f
 79: 73 s
 80: 5f _
 81: 6d m
 82: 6f o
 83: 72 r
 84: 65 e
 85: 20  
 86: 74 t
 87: 65 e
 88: 73 s
 89: 74 t
 90: 2e .
 91: 73 s
 92: 68 h
 93: 0a
 94: 2e .
 95: 2f /
 96: 6d m
 97: 79 y
 98: 66 f
 99: 73 s
100: 5f _
101: 6d m
102: 6f o
103: 76 v
104: 65 e
105: 20  
106: 74 t
107: 65 e
108: 73 s
109: 74 t
110: 2e .
111: 73 s
112: 68 h
113: 20  
114: 74 t
115: 65 e
116: 73 s
117: 74 t
118: 31 1
119: 2e .
120: 73 s
121: 68 h
122: 0a
123: 2e .
124: 2f /
125: 6d m
126: 79 y
127: 66 f
128: 73 s
129: 5f _
130: 6c l
131: 69 i
132: 73 s
133: 74 t
134: 0a
135: 0a
136: 65 e
137: 63 c
138: 68 h
139: 6f o
140: 20  
141: 49 I
142: 4e N
143: 53 S
144: 50 P
145: 45 E
146: 43 C
147: 54 T
148: 0a
149: 2e .
150: 2f /
151: 6d m
152: 79 y
153: 66 f
154: 73 s
155: 5f _
156: 69 i
157: 6e n
158: 73 s
159: 70 p
160: 65 e
161: 63 c
162: 74 t
163: 20  
164: 2d -
165: 76 v
166: 6f o
167: 6c l
168: 75 u
169: 6d m
170: 65 e
171: 0a
172: 2e .
173: 2f /
174: 6d m
175: 79 y
176: 66 f
177: 73 s
178: 5f _
179: 69 i
180: 6e n
181: 73 s
182: 70 p
183: 65 e
184: 63 c
185: 74 t
186: 20  
187: 2d -
188: 69 i
189: 6e n
190: 64 d
191: 65 e
192: 78 x
193: 20  
194: 30 0
195: 0a
196: 2e .
197: 2f /
198: 6d m
199: 79 y
200: 66 f
201: 73 s
202: 5f _
203: 69 i
204: 6e n
205: 73 s
206: 70 p
207: 65 e
208: 63 c
209: 74 t
210: 20  
211: 2d -
212: 64 d
213: 69 i
214: 72 r
215: 20  
216: 32 2
217: 0a
218: 2e .
219: 2f /
220: 6d m
221: 79 y
222: 66 f
223: 73 s
224: 5f _
225: 69 i
226: 6e n
227: 73 s
228: 70 p
229: 65 e
230: 63 c
231: 74 t
232: 20  
233: 2d -
234: 69 i
235: 6e n
236: 64 d
237: 65 e
238: 78 x
239: 20  
240: 31 1
241: 0a
242: 2e .
243: 2f /
244: 6d m
245: 79 y
246: 66 f
247: 73 s
248: 5f _
249: 69 i
250: 6e n
251: 73 s
Next block: 4
Raw data at block 4:
  0: 70 p
  1: 65 e
  2: 63 c
  3: 74 t
  4: 20  
  5: 2d -
  6: 64 d
  7: 61 a
  8: 74 t
  9: 61 a
 10: 20  
 11: 33 3
 12: 0a
 13: 2e .
 14: 2f /
 15: 6d m
 16: 79 y
 17: 66 f
 18: 73 s
 19: 5f _
 20: 69 i
 21: 6e n
 22: 73 s
 23: 70 p
 24: 65 e
 25: 63 c
 26: 74 t
 27: 20  
 28: 2d -
 29: 64 d
 30: 61 a
 31: 74 t
 32: 61 a
 33: 20  
 34: 34 4
 35: 0a
 36: 0a
 37: 65 e
 38: 63 c
 39: 68 h
 40: 6f o
 41: 20  
 42: 4c L
 43: 49 I
 44: 4e N
 45: 4b K
 46: 0a
 47: 2e .
 48: 2f /
 49: 6d m
 50: 79 y
 51: 66 f
 52: 73 s
 53: 5f _
 54: 6c l
 55: 69 i
 56: 6e n
 57: 6b k
 58: 20  
 59: 74 t
 60: 65 e
 61: 73 s
 62: 74 t
 63: 31 1
 64: 2e .
 65: 73 s
 66: 68 h
 67: 20  
 68: 74 t
 69: 65 e
 70: 73 s
 71: 74 t
 72: 31 1
 73: 61 a
 74: 2e .
 75: 73 s
 76: 68 h
 77: 0a
 78: 2e .
 79: 2f /
 80: 6d m
 81: 79 y
 82: 66 f
 83: 73 s
 84: 5f _
 85: 6c l
 86: 69 i
 87: 73 s
 88: 74 t
 89: 0a
 90: 0a
 91: 65 e
 92: 63 c
 93: 68 h
 94: 6f o
 95: 20  
 96: 49 I
 97: 4e N
 98: 53 S
 99: 50 P
100: 45 E
101: 43 C
102: 54 T
103: 0a
104: 2e .
105: 2f /
106: 6d m
107: 79 y
108: 66 f
109: 73 s
110: 5f _
111: 69 i
112: 6e n
113: 73 s
114: 70 p
115: 65 e
116: 63 c
117: 74 t
118: 20  
119: 2d -
120: 76 v
121: 6f o
122: 6c l
123: 75 u
124: 6d m
125: 65 e
126: 0a
127: 2e .
128: 2f /
129: 6d m
130: 79 y
131: 66 f
132: 73 s
133: 5f _
134: 69 i
135: 6e n
136: 73 s
137: 70 p
138: 65 e
139: 63 c
140: 74 t
141: 20  
142: 2d -
143: 69 i
144: 6e n
145: 64 d
146: 65 e
147: 78 x
148: 20  
149: 30 0
150: 0a
151: 2e .
152: 2f /
153: 6d m
154: 79 y
155: 66 f
156: 73 s
157: 5f _
158: 69 i
159: 6e n
160: 73 s
161: 70 p
162: 65 e
163: 63 c
164: 74 t
165: 20  
166: 2d -
167: 64 d
168: 69 i
169: 72 r
170: 20  
171: 32 2
172: 0a
173: 2e .
174: 2f /
175: 6d m
176: 79 y
177: 66 f
178: 73 s
179: 5f _
180: 69 i
181: 6e n
182: 73 s
183: 70 p
184: 65 e
185: 63 c
186: 74 t
187: 20  
188: 2d -
189: 69 i
190: 6e n
191: 64 d
192: 65 e
193: 78 x
194: 20  
195: 31 1
196: 0a
197: 2e .
198: 2f /
199: 6d m
200: 79 y
201: 66 f
202: 73 s
203: 5f _
204: 69 i
205: 6e n
206: 73 s
207: 70 p
208: 65 e
209: 63 c
210: 74 t
211: 20  
212: 2d -
213: 64 d
214: 61 a
215: 74 t
216: 61 a
217: 20  
218: 33 3
219: 0a
220: 2e .
221: 2f /
222: 6d m
223: 79 y
224: 66 f
225: 73 s
226: 5f _
227: 69 i
228: 6e n
229: 73 s
230: 70 p
231: 65 e
232: 63 c
233: 74 t
234: 20  
235: 2d -
236: 64 d
237: 61 a
238: 74 t
239: 61 a
240: 20  
241: 34 4
242: 0a
243: 0a
244: 65 e
245: 63 c
246: 68 h
247: 6f o
248: 20  
249: 43 C
250: 52 R
251: 45 E
Next block: 5
Index node: 2
Type: DIRECTORY
Nreferences: 1
Content block: 9
Size: 3
Directory at block 9:
Entry 0: name=".", index_node=2
Entry 1: name="..", index_node=0
Entry 2: name="test1a.sh", index_node=1
Next block: 65534
AGUMENT
#!/bin/sh
./myfs_format 128
cat project4_test7.sh | ./myfs_create test.sh
./myfs_more test.sh
./myfs_move test.sh test1.sh
./myfs_list

echo INSPECT
./myfs_inspect -volume
./myfs_inspect -index 0
./myfs_inspect -dir 2
./myfs_inspect -index 1
./myfs_inspect -data 3
./myfs_inspect -data 4

echo LINK
./myfs_link test1.sh test1a.sh
./myfs_list

echo INSPECT
./myfs_inspect -volume
./myfs_inspect -index 0
./myfs_inspect -dir 2
./myfs_inspect -index 1
./myfs_inspect -data 3
./myfs_inspect -data 4

echo CREATE DIR
./myfs_mkd tests
./myfs_move test1a.sh tests

echo INSPECT
./myfs_inspect -volume
./myfs_inspect -index 0
./myfs_inspect -dir 2
./myfs_inspect -index 1
./myfs_inspect -data 3
./myfs_inspect -data 4
./myfs_inspect -index 2
./myfs_inspect -dir 9

echo AGUMENT
echo "# one more line" | ./myfs_append test1.sh
./myfs_more tests/test1a.sh

echo INSPECT
./myfs_inspect -volume
./myfs_inspect -index 0
./myfs_inspect -dir 2
./myfs_inspect -index 1
./myfs_inspect -data 3
./myfs_inspect -data 4
./myfs_inspect -index 2
./myfs_inspect -dir 9

echo RM
./myfs_rm test1.sh

echo INSPECT
./myfs_inspect -volume
./myfs_inspect -index 0
./myfs_inspect -dir 2
./myfs_inspect -index 1
./myfs_inspect -data 3
./myfs_inspect -data 4
./myfs_inspect -index 2
./myfs_inspect -dir 9

echo RM
./myfs_rm tests/test1a.sh

echo INSPECT
./myfs_inspect -volume
./myfs_inspect -index 0
./myfs_inspect -dir 2
./myfs_inspect -index 1
./myfs_inspect -index 2
./myfs_inspect -dir 9
# one more line
INSPECT
N_BLOCKS: 128
N_ALLOCATED_BLOCKS: 10
N_ALLOCATED_INDEX_NODES: 3
Block allocation table:
00: ff
01: 03
02: 00
03: 00
04: 00
05: 00
06: 00
07: 00
08: 00
09: 00
10: 00
11: 00
12: 00
13: 00
14: 00
15: 00
Index node: 0
Type: DIRECTORY
Nreferences: 1
Content block: 2
Size: 4
Directory at block 2:
Entry 0: name=".", index_node=0
Entry 1: name="..", index_node=0
Entry 2: name="test1.sh", index_node=1
Entry 4: name="tests", index_node=2
Next block: 65534
Index node: 1
Type: FILE
Nreferences: 2
Content block: 3
Size: 1476
Raw data at block 3:
  0: 23 #
  1: 21 !
  2: 2f /
  3: 62 b
  4: 69 i
  5: 6e n
  6: 2f /
  7: 73 s
  8: 68 h
  9: 0a
 10: 2e .
 11: 2f /
 12: 6d m
 13: 79 y
 14: 66 f
 15: 73 s
 16: 5f _
 17: 66 f
 18: 6f o
 19: 72 r
 20: 6d m
 21: 61 a
 22: 74 t
 23: 20  
 24: 31 1
 25: 32 2
 26: 38 8
 27: 0a
 28: 63 c
 29: 61 a
 30: 74 t
 31: 20  
 32: 70 p
 33: 72 r
 34: 6f o
 35: 6a j
 36: 65 e
 37: 63 c
 38: 74 t
 39: 34 4
 40: 5f _
 41: 74 t
 42: 65 e
 43: 73 s
 44: 74 t
 45: 37 7
 46: 2e .
 47: 73 s
 48: 68 h
 49: 20  
 50: 7c |
 51: 20  
 52: 2e .
 53: 2f /
 54: 6d m
 55: 79 y
 56: 66 f
 57: 73 s
 58: 5f _
 59: 63 c
 60: 72 r
 61: 65 e
 62: 61 a
 63: 74 t
 64: 65 e
 65: 20  
 66: 74 t
 67: 65 e
 68: 73 s
 69: 74 t
 70: 2e .
 71: 73 s
 72: 68 h
 73: 0a
 74: 2e .
 75: 2f /
 76: 6d m
 77: 79 y
 78: 66 f
 79: 73 s
 80: 5f _
 81: 6d m
 82: 6f o
 83: 72 r
 84: 65 e
 85: 20  
 86: 74 t
 87: 65 e
 88: 73 s
 89: 74 t
 90: 2e .
 91: 73 s
 92: 68 h
 93: 0a
 94: 2e .
 95: 2f /
 96: 6d m
 97: 79 y
 98: 66 f
 99: 73 s
100: 5f _
101: 6d m
102: 6f o
103: 76 v
104: 65 e
105: 20  
106: 74 t
107: 65 e
108: 73 s
109: 74 t
110: 2e .
111: 73 s
112: 68 h
113: 20  
114: 74 t
115: 65 e
116: 73 s
117: 74 t
118: 31 1
119: 2e .
120: 73 s
121: 68 h
122: 0a
123: 2e .
124: 2f /
125: 6d m
126: 79 y
127: 66 f
128: 73 s
129: 5f _
130: 6c l
131: 69 i
132: 73 s
133: 74 t
134: 0a
135: 0a
136: 65 e
137: 63 c
138: 68 h
139: 6f o
140: 20  
141: 49 I
142: 4e N
143: 53 S
144: 50 P
145: 45 E
146: 43 C
147: 54 T
148: 0a
149: 2e .
150: 2f /
151: 6d m
152: 79 y
153: 66 f
154: 73 s
155: 5f _
156: 69 i
157: 6e n
158: 73 s
159: 70 p
160: 65 e
161: 63 c
162: 74 t
163: 20  
164: 2d -
165: 76 v
166: 6f o
167: 6c l
168: 75 u
169: 6d m
170: 65 e
171: 0a
172: 2e .
173: 2f /
174: 6d m
175: 79 y
176: 66 f
177: 73 s
178: 5f _
179: 69 i
180: 6e n
181: 73 s
182: 70 p
183: 65 e
184: 63 c
185: 74 t
186: 20  
187: 2d -
188: 69 i
189: 6e n
190: 64 d
191: 65 e
192: 78 x
193: 20  
194: 30 0
195: 0a
196: 2e .
197: 2f /
198: 6d m
199: 79 y
200: 66 f
201: 73 s
202: 5f _
203: 69 i
204: 6e n
205: 73 s
206: 70 p
207: 65 e
208: 63 c
209: 74 t
210: 20  
211: 2d -
212: 64 d
213: 69 i
214: 72 r
215: 20  
216: 32 2
217: 0a
218: 2e .
219: 2f /
220: 6d m
221: 79 y
222: 66 f
223: 73 s
224: 5f _
225: 69 i
226: 6e n
227: 73 s
228: 70 p
229: 65 e
230: 63 c
231: 74 t
232: 20  
233: 2d -
234: 69 i
235: 6e n
236: 64 d
237: 65 e
238: 78 x
239: 20  
240: 31 1
241: 0a
242: 2e .
243: 2f /
244: 6d m
245: 79 y
246: 66 f
247: 73 s
248: 5f _
249: 69 i
250: 6e n
251: 73 s
Next block: 4
Raw data at block 4:
  0: 70 p
  1: 65 e
  2: 63 c
  3: 74 t
  4: 20  
  5: 2d -
  6: 64 d
  7: 61 a
  8: 74 t
  9: 61 a
 10: 20  
 11: 33 3
 12: 0a
 13: 2e .
 14: 2f /
 15: 6d m
 16: 79 y
 17: 66 f
 18: 73 s
 19: 5f _
 20: 69 i
 21: 6e n
 22: 73 s
 23: 70 p
 24: 65 e
 25: 63 c
 26: 74 t
 27: 20  
 28: 2d -
 29: 64 d
 30: 61 a
 31: 74 t
 32: 61 a
 33: 20  
 34: 34 4
 35: 0a
 36: 0a
 37: 65 e
 38: 63 c
 39: 68 h
 40: 6f o
 41: 20  
 42: 4c L
 43: 49 I
 44: 4e N
 45: 4b K
 46: 0a
 47: 2e .
 48: 2f /
 49: 6d m
 50: 79 y
 51: 66 f
 52: 73 s
 53: 5f _
 54: 6c l
 55: 69 i
 56: 6e n
 57: 6b k
 58: 20  
 59: 74 t
 60: 65 e
 61: 73 s
 62: 74 t
 63: 31 1
 64: 2e .
 65: 73 s
 66: 68 h
 67: 20  
 68: 74 t
 69: 65 e
 70: 73 s
 71: 74 t
 72: 31 1
 73: 61 a
 74: 2e .
 75: 73 s
 76: 68 h
 77: 0a
 78: 2e .
 79: 2f /
 80: 6d m
 81: 79 y
 82: 66 f
 83: 73 s
 84: 5f _
 85: 6c l
 86: 69 i
 87: 73 s
 88: 74 t
 89: 0a
 90: 0a
 91: 65 e
 92: 63 c
 93: 68 h
 94: 6f o
 95: 20  
 96: 49 I
 97: 4e N
 98: 53 S
 99: 50 P
100: 45 E
101: 43 C
102: 54 T
103: 0a
104: 2e .
105: 2f /
106: 6d m
107: 79 y
108: 66 f
109: 73 s
110: 5f _
111: 69 i
112: 6e n
113: 73 s
114: 70 p
115: 65 e
116: 63 c
117: 74 t
118: 20  
119: 2d -
120: 76 v
121: 6f o
122: 6c l
123: 75 u
124: 6d m
125: 65 e
126: 0a
127: 2e .
128: 2f /
129: 6d m
130: 79 y
131: 66 f
132: 73 s
133: 5f _
134: 69 i
135: 6e n
136: 73 s
137: 70 p
138: 65 e
139: 63 c
140: 74 t
141: 20  
142: 2d -
143: 69 i
144: 6e n
145: 64 d
146: 65 e
147: 78 x
148: 20  
149: 30 0
150: 0a
151: 2e .
152: 2f /
153: 6d m
154: 79 y
155: 66 f
156: 73 s
157: 5f _
158: 69 i
159: 6e n
160: 73 s
161: 70 p
162: 65 e
163: 63 c
164: 74 t
165: 20  
166: 2d -
167: 64 d
168: 69 i
169: 72 r
170: 20  
171: 32 2
172: 0a
173: 2e .
174: 2f /
175: 6d m
176: 79 y
177: 66 f
178: 73 s
179: 5f _
180: 69 i
181: 6e n
182: 73 s
183: 70 p
184: 65 e
185: 63 c
186: 74 t
187: 20  
188: 2d -
189: 69 i
190: 6e n
191: 64 d
192: 65 e
193: 78 x
194: 20  
195: 31 1
196: 0a
197: 2e .
198: 2f /
199: 6d m
200: 79 y
201: 66 f
202: 73 s
203: 5f _
204: 69 i
205: 6e n
206: 73 s
207: 70 p
208: 65 e
209: 63 c
210: 74 t
211: 20  
212: 2d -
213: 64 d
214: 61 a
215: 74 t
216: 61 a
217: 20  
218: 33 3
219: 0a
220: 2e .
221: 2f /
222: 6d m
223: 79 y
224: 66 f
225: 73 s
226: 5f _
227: 69 i
228: 6e n
229: 73 s
230: 70 p
231: 65 e
232: 63 c
233: 74 t
234: 20  
235: 2d -
236: 64 d
237: 61 a
238: 74 t
239: 61 a
240: 20  
241: 34 4
242: 0a
243: 0a
244: 65 e
245: 63 c
246: 68 h
247: 6f o
248: 20  
249: 43 C
250: 52 R
251: 45 E
Next block: 5
Index node: 2
Type: DIRECTORY
Nreferences: 1
Content block: 9
Size: 3
Directory at block 9:
Entry 0: name=".", index_node=2
Entry 1: name="..", index_node=0
Entry 2: name="test1a.sh", index_node=1
Next block: 65534
RM
INSPECT
N_BLOCKS: 128
N_ALLOCATED_BLOCKS: 10
N_ALLOCATED_INDEX_NODES: 3
Block allocation table:
00: ff
01: 03
02: 00
03: 00
04: 00
05: 00
06: 00
07: 00
08: 00
09: 00
10: 00
11: 00
12: 00
13: 00
14: 00
15: 00
Index node: 0
Type: DIRECTORY
Nreferences: 1
Content block: 2
Size: 3
Directory at block 2:
Entry 0: name=".", index_node=0
Entry 1: name="..", index_node=0
Entry 4: name="tests", index_node=2
Next block: 65534
Index node: 1
Type: FILE
Nreferences: 1
Content block: 3
Size: 1476
Raw data at block 3:
  0: 23 #
  1: 21 !
  2: 2f /
  3: 62 b
  4: 69 i
  5: 6e n
  6: 2f /
  7: 73 s
  8: 68 h
  9: 0a
 10: 2e .
 11: 2f /
 12: 6d m
 13: 79 y
 14: 66 f
 15: 73 s
 16: 5f _
 17: 66 f
 18: 6f o
 19: 72 r
 20: 6d m
 21: 61 a
 22: 74 t
 23: 20  
 24: 31 1
 25: 32 2
 26: 38 8
 27: 0a
 28: 63 c
 29: 61 a
 30: 74 t
 31: 20  
 32: 70 p
 33: 72 r
 34: 6f o
 35: 6a j
 36: 65 e
 37: 63 c
 38: 74 t
 39: 34 4
 40: 5f _
 41: 74 t
 42: 65 e
 43: 73 s
 44: 74 t
 45: 37 7
 46: 2e .
 47: 73 s
 48: 68 h
 49: 20  
 50: 7c |
 51: 20  
 52: 2e .
 53: 2f /
 54: 6d m
 55: 79 y
 56: 66 f
 57: 73 s
 58: 5f _
 59: 63 c
 60: 72 r
 61: 65 e
 62: 61 a
 63: 74 t
 64: 65 e
 65: 20  
 66: 74 t
 67: 65 e
 68: 73 s
 69: 74 t
 70: 2e .
 71: 73 s
 72: 68 h
 73: 0a
 74: 2e .
 75: 2f /
 76: 6d m
 77: 79 y
 78: 66 f
 79: 73 s
 80: 5f _
 81: 6d m
 82: 6f o
 83: 72 r
 84: 65 e
 85: 20  
 86: 74 t
 87: 65 e
 88: 73 s
 89: 74 t
 90: 2e .
 91: 73 s
 92: 68 h
 93: 0a
 94: 2e .
 95: 2f /
 96: 6d m
 97: 79 y
 98: 66 f
 99: 73 s
100: 5f _
101: 6d m
102: 6f o
103: 76 v
104: 65 e
105: 20  
106: 74 t
107: 65 e
108: 73 s
109: 74 t
110: 2e .
111: 73 s
112: 68 h
113: 20  
114: 74 t
115: 65 e
116: 73 s
117: 74 t
118: 31 1
119: 2e .
120: 73 s
121: 68 h
122: 0a
123: 2e .
124: 2f /
125: 6d m
126: 79 y
127: 66 f
128: 73 s
129: 5f _
130: 6c l
131: 69 i
132: 73 s
133: 74 t
134: 0a
135: 0a
136: 65 e
137: 63 c
138: 68 h
139: 6f o
140: 20  
141: 49 I
142: 4e N
143: 53 S
144: 50 P
145: 45 E
146: 43 C
147: 54 T
148: 0a
149: 2e .
150: 2f /
151: 6d m
152: 79 y
153: 66 f
154: 73 s
155: 5f _
156: 69 i
157: 6e n
158: 73 s
159: 70 p
160: 65 e
161: 63 c
162: 74 t
163: 20  
164: 2d -
165: 76 v
166: 6f o
167: 6c l
168: 75 u
169: 6d m
170: 65 e
171: 0a
172: 2e .
173: 2f /
174: 6d m
175: 79 y
176: 66 f
177: 73 s
178: 5f _
179: 69 i
180: 6e n
181: 73 s
182: 70 p
183: 65 e
184: 63 c
185: 74 t
186: 20  
187: 2d -
188: 69 i
189: 6e n
190: 64 d
191: 65 e
192: 78 x
193: 20  
194: 30 0
195: 0a
196: 2e .
197: 2f /
198: 6d m
199: 79 y
200: 66 f
201: 73 s
202: 5f _
203: 69 i
204: 6e n
205: 73 s
206: 70 p
207: 65 e
208: 63 c
209: 74 t
210: 20  
211: 2d -
212: 64 d
213: 69 i
214: 72 r
215: 20  
216: 32 2
217: 0a
218: 2e .
219: 2f /
220: 6d m
221: 79 y
222: 66 f
223: 73 s
224: 5f _
225: 69 i
226: 6e n
227: 73 s
228: 70 p
229: 65 e
230: 63 c
231: 74 t
232: 20  
233: 2d -
234: 69 i
235: 6e n
236: 64 d
237: 65 e
238: 78 x
239: 20  
240: 31 1
241: 0a
242: 2e .
243: 2f /
244: 6d m
245: 79 y
246: 66 f
247: 73 s
248: 5f _
249: 69 i
250: 6e n
251: 73 s
Next block: 4
Raw data at block 4:
  0: 70 p
  1: 65 e
  2: 63 c
  3: 74 t
  4: 20  
  5: 2d -
  6: 64 d
  7: 61 a
  8: 74 t
  9: 61 a
 10: 20  
 11: 33 3
 12: 0a
 13: 2e .
 14: 2f /
 15: 6d m
 16: 79 y
 17: 66 f
 18: 73 s
 19: 5f _
 20: 69 i
 21: 6e n
 22: 73 s
 23: 70 p
 24: 65 e
 25: 63 c
 26: 74 t
 27: 20  
 28: 2d -
 29: 64 d
 30: 61 a
 31: 74 t
 32: 61 a
 33: 20  
 34: 34 4
 35: 0a
 36: 0a
 37: 65 e
 38: 63 c
 39: 68 h
 40: 6f o
 41: 20  
 42: 4c L
 43: 49 I
 44: 4e N
 45: 4b K
 46: 0a
 47: 2e .
 48: 2f /
 49: 6d m
 50: 79 y
 51: 66 f
 52: 73 s
 53: 5f _
 54: 6c l
 55: 69 i
 56: 6e n
 57: 6b k
 58: 20  
 59: 74 t
 60: 65 e
 61: 73 s
 62: 74 t
 63: 31 1
 64: 2e .
 65: 73 s
 66: 68 h
 67: 20  
 68: 74 t
 69: 65 e
 70: 73 s
 71: 74 t
 72: 31 1
 73: 61 a
 74: 2e .
 75: 73 s
 76: 68 h
 77: 0a
 78: 2e .
 79: 2f /
 80: 6d m
 81: 79 y
 82: 66 f
 83: 73 s
 84: 5f _
 85: 6c l
 86: 69 i
 87: 73 s
 88: 74 t
 89: 0a
 90: 0a
 91: 65 e
 92: 63 c
 93: 68 h
 94: 6f o
 95: 20  
 96: 49 I
 97: 4e N
 98: 53 S
 99: 50 P
100: 45 E
101: 43 C
102: 54 T
103: 0a
104: 2e .
105: 2f /
106: 6d m
107: 79 y
108: 66 f
109: 73 s
110: 5f _
111: 69 i
112: 6e n
113: 73 s
114: 70 p
115: 65 e
116: 63 c
117: 74 t
118: 20  
119: 2d -
120: 76 v
121: 6f o
122: 6c l
123: 75 u
124: 6d m
125: 65 e
126: 0a
127: 2e .
128: 2f /
129: 6d m
130: 79 y
131: 66 f
132: 73 s
133: 5f _
134: 69 i
135: 6e n
136: 73 s
137: 70 p
138: 65 e
139: 63 c
140: 74 t
141: 20  
142: 2d -
143: 69 i
144: 6e n
145: 64 d
146: 65 e
147: 78 x
148: 20  
149: 30 0
150: 0a
151: 2e .
152: 2f /
153: 6d m
154: 79 y
155: 66 f
156: 73 s
157: 5f _
158: 69 i
159: 6e n
160: 73 s
161: 70 p
162: 65 e
163: 63 c
164: 74 t
165: 20  
166: 2d -
167: 64 d
168: 69 i
169: 72 r
170: 20  
171: 32 2
172: 0a
173: 2e .
174: 2f /
175: 6d m
176: 79 y
177: 66 f
178: 73 s
179: 5f _
180: 69 i
181: 6e n
182: 73 s
183: 70 p
184: 65 e
185: 63 c
186: 74 t
187: 20  
188: 2d -
189: 69 i
190: 6e n
191: 64 d
192: 65 e
193: 78 x
194: 20  
195: 31 1
196: 0a
197: 2e .
198: 2f /
199: 6d m
200: 79 y
201: 66 f
202: 73 s
203: 5f _
204: 69 i
205: 6e n
206: 73 s
207: 70 p
208: 65 e
209: 63 c
210: 74 t
211: 20  
212: 2d -
213: 64 d
214: 61 a
215: 74 t
216: 61 a
217: 20  
218: 33 3
219: 0a
220: 2e .
221: 2f /
222: 6d m
223: 79 y
224: 66 f
225: 73 s
226: 5f _
227: 69 i
228: 6e n
229: 73 s
230: 70 p
231: 65 e
232: 63 c
233: 74 t
234: 20  
235: 2d -
236: 64 d
237: 61 a
238: 74 t
239: 61 a
240: 20  
241: 34 4
242: 0a
243: 0a
244: 65 e
245: 63 c
246: 68 h
247: 6f o
248: 20  
249: 43 C
250: 52 R
251: 45 E
Next block: 5
Index node: 2
Type: DIRECTORY
Nreferences: 1
Content block: 9
Size: 3
Directory at block 9:
Entry 0: name=".", index_node=2
Entry 1: name="..", index_node=0
Entry 2: name="test1a.sh", index_node=1
Next block: 65534
RM
INSPECT
N_BLOCKS: 128
N_ALLOCATED_BLOCKS: 4
N_ALLOCATED_INDEX_NODES: 2
Block allocation table:
00: 07
01: 02
02: 00
03: 00
04: 00
05: 00
06: 00
07: 00
08: 00
09: 00
10: 00
11: 00
12: 00
13: 00
14: 00
15: 00
Index node: 0
Type: DIRECTORY
Nreferences: 1
Content block: 2
Size: 3
Directory at block 2:
Entry 0: name=".", index_node=0
Entry 1: name="..", index_node=0
Entry 4: name="tests", index_node=2
Next block: 65534
Index node: 1
Type: UNUSED
Nreferences: 1
Content block: 3
Size: 1476
Index node: 2
Type: DIRECTORY
Nreferences: 1
Content block: 9
Size: 2
Directory at block 9:
Entry 0: name=".", index_node=2
Entry 1: name="..", index_node=0
Next block: 65534
